// Jest Snapshot v1, https://goo.gl/fbAQLP

exports[`Src: Components: Button Default 1`] = `
<button
  style={
    Object {
      "fontSize": 20,
    }
  }
>
  hello
</button>
`;
